<html>
<body>
<pre>
<h1>�Vision Build Log</h1>
<h2>Tool Versions:</h2>
IDE-Version: ��Vision V5.37.0.0
Copyright (C) 2022 ARM Ltd and ARM Germany GmbH. All rights reserved.
License Information: 1 748016404@qq.com, 1, LIC=W96CK-ZZQIT-9ZZWW-QDPAW-KPD1Y-TZZV5
 
Tool Versions:
Toolchain:       MDK-ARM Professional  Version: 5.37.0.0
Toolchain Path:  C:\Users\74801\Desktop\STM32\K5\core\ARM\ARMCC\Bin
C Compiler:      Armcc.exe V5.06 update 7 (build 960)
Assembler:       Armasm.exe V5.06 update 7 (build 960)
Linker/Locator:  ArmLink.exe V5.06 update 7 (build 960)
Library Manager: ArmAr.exe V5.06 update 7 (build 960)
Hex Converter:   FromElf.exe V5.06 update 7 (build 960)
CPU DLL:         SARMCM3.DLL V5.37.0.0
Dialog DLL:      DCM.DLL V1.17.5.0
Target DLL:      STLink\ST-LINKIII-KEIL_SWO.dll V3.0.9.0
Dialog DLL:      TCM.DLL V1.56.1.0
 
<h2>Project:</h2>
C:\Users\74801\Desktop\stm32workproject\dianji4\MDK-ARM\dianji4.uvprojx
Project File Date:  02/21/2026

<h2>Output:</h2>
*** Using Compiler 'V5.06 update 7 (build 960)', folder: 'C:\Users\74801\Desktop\STM32\K5\core\ARM\ARMCC\Bin'
Build target 'dianji4'
compiling main.c...
../Core/Src/main.c(59): warning:  #223-D: function "strlen" declared implicitly
  		 UART1_Send_Any_Byte((uint8_t *)sendchar, strlen(sendchar)); // 错误修正：字符串强制转换为uint8_t*，原写法是单字节转换
../Core/Src/main.c: 1 warning, 0 errors
linking...
Program Size: Code=7120 RO-data=312 RW-data=36 ZI-data=1844  
FromELF: creating hex file...
"dianji4\dianji4.axf" - 0 Error(s), 1 Warning(s).

<h2>Software Packages used:</h2>

Package Vendor: ARM
                http://www.keil.com/pack/ARM.CMSIS.5.9.0.pack
                ARM.CMSIS.5.9.0
                CMSIS (Common Microcontroller Software Interface Standard)
   * Component: CORE Version: 5.6.0

Package Vendor: Keil
                http://www.keil.com/pack/Keil.STM32F1xx_DFP.2.4.0.pack
                Keil.STM32F1xx_DFP.2.4.0
                STMicroelectronics STM32F1 Series Device Support, Drivers and Examples

<h2>Collection of Component include folders:</h2>
  ./RTE/_dianji4
  C:/Users/74801/Desktop/STM32/K5/pack/ARM/CMSIS/5.9.0/CMSIS/Core/Include
  C:/Users/74801/Desktop/STM32/K5/pack/Keil/STM32F1xx_DFP/2.4.0/Device/Include

<h2>Collection of Component Files used:</h2>

   * Component: ARM::CMSIS:CORE:5.6.0
      Include file:  CMSIS/Core/Include/tz_context.h
Build Time Elapsed:  00:00:01
</pre>
</body>
</html>
